
> expenstream@0.1.0 build
> prisma generate && next build

node.exe : Loaded Prisma config from prisma.config.ts.
At line:1 char:1
+ & "C:\Program Files\nodejs/node.exe" "C:\Users\z004r05w\AppData\Roami ...
+ ~~~~~~~~~~~~~~~~~~~~~~~~~~~~~~~~~~~~~~~~~~~~~~~~~~~~~~~~~~~~~~~~~~~~~
    + CategoryInfo          : NotSpecified: (Loaded Prisma 
c...isma.config.ts.:St    ring) [], RemoteException
    + FullyQualifiedErrorId : NativeCommandError
 

Prisma schema loaded from prisma\schema.prisma.

Γ£ö Generated Prisma Client (v7.5.0) to .\node_modules\@prisma\client in 892ms

Start by importing your Prisma Client (See: https://pris.ly/d/importing-client)


The Next Bundle Analyzer is not compatible with Turbopack builds, no report 
will be generated.

Consider trying the new Turbopack analyzer via `next experimental-analyze`.

See https://nextjs.org/docs/app/guides/package-bundling for more information

To run this analysis pass the `--webpack` flag to `next build`
ΓÜá Warning: Next.js inferred your workspace root, but it may not be correct.
 We detected multiple lockfiles and selected the directory of 
C:\Users\z004r05w\package-lock.json as the root directory.
 To silence this warning, set `turbopack.root` in your Next.js config, or 
consider removing one of the lockfiles if it's not needed.
   See https://nextjs.org/docs/app/api-reference/config/next-config-js/turbopac
k#root-directory for more information.
 Detected additional lockfiles: 
   * C:\Users\z004r05w\Desktop\MonthlyExpense\expense-tracker\package-lock.json

Γû▓ Next.js 16.2.0 (Turbopack)
- Environments: .env.local, .env
- Experiments (use with caution):
  ┬╖ clientTraceMetadata
  ┬╖ optimizePackageImports

ΓÜá The "middleware" file convention is deprecated. Please use "proxy" 
instead. Learn more: https://nextjs.org/docs/messages/middleware-to-proxy
  Creating an optimized production build ...
The Next Bundle Analyzer is not compatible with Turbopack builds, no report 
will be generated.

Consider trying the new Turbopack analyzer via `next experimental-analyze`.

See https://nextjs.org/docs/app/guides/package-bundling for more information

To run this analysis pass the `--webpack` flag to `next build`
Γ£ô Compiled successfully in 36.4s
  Running next.config.js provided runAfterProductionCompile ...
Γ£ô Completed runAfterProductionCompile in 2.9s
  Running TypeScript ...
  Finished TypeScript in 35.8s ...
  Collecting page data using 7 workers ...
  Generating static pages using 7 workers (0/44) ...
  Generating static pages using 7 workers (11/44) 
  Generating static pages using 7 workers (22/44) 
  Generating static pages using 7 workers (33/44) 
Γ£ô Generating static pages using 7 workers (44/44) in 4.8s
  Finalizing page optimization ...

Route (app)
Γöî Γùï /
Γö£ Γùï /_not-found
Γö£ Γùï /analytics
Γö£ ╞Æ /api/auth/2fa
Γö£ ╞Æ /api/auth/2fa/verify
Γö£ ╞Æ /api/auth/apple/callback
Γö£ ╞Æ /api/auth/change-password
Γö£ ╞Æ /api/auth/check
Γö£ ╞Æ /api/auth/delete-account
Γö£ ╞Æ /api/auth/encryption-key
Γö£ ╞Æ /api/auth/forgot-password
Γö£ ╞Æ /api/auth/google
Γö£ ╞Æ /api/auth/google/callback
Γö£ ╞Æ /api/auth/google/exchange
Γö£ ╞Æ /api/auth/login
Γö£ ╞Æ /api/auth/login/verify-2fa
Γö£ ╞Æ /api/auth/logout
Γö£ ╞Æ /api/auth/passkey/login-options
Γö£ ╞Æ /api/auth/passkey/login-verify
Γö£ ╞Æ /api/auth/passkey/register-options
Γö£ ╞Æ /api/auth/passkey/register-verify
Γö£ ╞Æ /api/auth/profile
Γö£ ╞Æ /api/auth/refresh
Γö£ ╞Æ /api/auth/register
Γö£ ╞Æ /api/auth/reset-password
Γö£ ╞Æ /api/auth/verify-email
Γö£ ╞Æ /api/devices
Γö£ ╞Æ /api/devices/[id]
Γö£ ╞Æ /api/devices/accept/[token]
Γö£ ╞Æ /api/invites/[token]
Γö£ ╞Æ /api/invites/[token]/accept
Γö£ ╞Æ /api/push/send
Γö£ ╞Æ /api/push/subscribe
Γö£ ╞Æ /api/push/vapid-key
Γö£ ╞Æ /api/sessions
Γö£ ╞Æ /api/sessions/[id]
Γö£ ╞Æ /api/sync/changes
Γö£ ╞Æ /api/sync/commit
Γö£ ╞Æ /api/workspaces
Γö£ ╞Æ /api/workspaces/[id]
Γö£ ╞Æ /api/workspaces/[id]/data
Γö£ ╞Æ /api/workspaces/[id]/invites
Γö£ ╞Æ /api/workspaces/[id]/invites/[inviteId]
Γö£ ╞Æ /api/workspaces/[id]/members/[userId]
Γö£ Γùï /auth/complete
Γö£ Γùï /auth/reset-password
Γö£ Γùï /business
Γö£ ╞Æ /business/[ledgerId]
Γö£ ╞Æ /category/[slug]
Γö£ ╞Æ /device-link/[token]
Γö£ Γùï /expenses
Γö£ ╞Æ /invite/[token]
Γö£ Γùï /landing
Γö£ Γùï /login
Γö£ Γùï /privacy
Γö£ Γùï /settings
Γöö Γùï /terms


╞Æ Proxy (Middleware)

Γùï  (Static)   prerendered as static content
╞Æ  (Dynamic)  server-rendered on demand

EXIT:0
